ExpansionExchangeMachine.EXCHANGE|3686.830000 404.340000 5982.440000|160.267000 0.000000 0.000000
ExpansionTraderDenis.CLOTHING|3697.250000 402.010000 5977.625000|70.482120 0.000000 0.000000|SurgicalMask,FlatCap_BlackCheck,DressShoes_Brown,CivilianBelt,SlacksPants_Blue,ManSuit_Blue
ExpansionTraderMaria.CLOTHING_ACCESSORIES|3696.456000 402.010000 5980.193000|72.855280 0.000000 0.000000|QuiltedJacket_Violet,Breeches_Beetcheck,SurgicalGloves_White,ThinFramesGlasses,BaseballCap_Pink,JoggingShoes_Violet,TaloonBag_Violet,Armband_Pink
ExpansionTraderQuinn.CONSUMABLES|3710.122000 402.010000 5976.164000|-72.449710 0.000000 0.000000|CargoPants_Black,Shirt_BlueCheckBright,SurgicalGloves_Blue,BaseballCap_Blue,AthleticShoes_Blue,CivilianBelt,DryBag_Blue
ExpansionTraderNaomi.WEAPONS|3708.787000 402.010000 5974.590000|-131.125500 0.000000 0.000000|HunterPants_Spring,HuntingJacket_Summer,Balaclava3Holes_Black,CowboyHat_black,CombatBoots_Green,MilitaryBelt,HuntingBag,Armband_Black
ExpansionTraderSeth.ATTACHMENTS|3710.265000 402.010000 5973.341000|-158.777400 0.000000 0.000000|CargoPants_Green,M65Jacket_Khaki,UKAssVest_Black,WorkingGloves_Black,AviatorGlasses,PilotkaCap,TTSKOBoots,AssaultBag_Black
ExpansionTraderRolf.VEHICLES|3698.173000 402.010000 5995.337000|-93.593150 0.000000 0.000000|SurgicalMask,WorkingBoots_Brown,BaseballCap_Beige,ReflexVest,QuiltedJacket_Grey,CargoPants_Grey
ExpansionTraderIndar.COMPONENTS|3714.531000 402.138000 5961.776000|-166.883500 0.000000 0.000000|ParamedicJacket_Blue,ParamedicPants_Blue,PoliceVest,NioshFaceMask,NBCGlovesGray,FlatCap_Blue,HikingBootsLow_Blue,MountainBag_Blue
ExpansionTraderJudy.MEDICALS|3729.030000 402.651000 5969.477000|-62.680210 0.000000 0.000000|MilitaryBoots_Black,ParamedicPants_Crimson,SurgicalMask,SurgicalGloves_Green,ParamedicJacket_Crimson,ParamedicPants_Blue,MountainBag_Red
ExpansionTraderNaomi.VEHICLE_PARTS|3690.063000 402.100100 6006.764000|131.954400 0.000000 0.000000|SurgicalMask,WorkingBoots_Brown,BaseballCap_Beige,ReflexVest,QuiltedJacket_Grey,CargoPants_Grey
ExpansionTraderJose.SPRAYCANS|3699.630000 402.010000 5993.970000|116.582000 0.000000 0.000000|TrackSuitPants_Red,TrackSuitJacket_Red,MilitaryBoots_Redpunk,BeanieHat_Red,NioshFaceMask,ChildBag_Red
ExpansionTraderLinda.SPECIAL|3674.670000 406.760000 5990.390000|95.741590 0.000000 0.000000|SurgicalMask,MilitaryBoots_Redpunk,SportGlasses_Orange,UKAssVest_Black,BomberJacket_Maroon,CargoPants_Black,RadarCap_Red
ExpansionTraderNiki.BUILDINGSUPPLIES|3699.030000 402.013000 5973.440000|68.550490 0.000000 0.000000|ParamedicJacket_Blue,ParamedicPants_Blue,PoliceVest,NioshFaceMask,NBCGlovesGray,FlatCap_Blue,HikingBootsLow_Blue,MountainBag_Blue
ExpansionTraderFrida.HEROS|3696.849000 402.012500 5962.393000|68.550490 0.000000 0.000000|MMG_balaclava_alpine,MMG_boots_alpine,MMG_striker_helmet_alpine,MMG_MK_V_Armor_alpine,MMG_operatorshirt_alpine,mmg_tactical_pants_alpine
